GAMS 24.2.3  r46072 Released May 22, 2014 WEX-WEI x86_64/MS Windows 09/29/20 19:47:49 Page 1
G e n e r a l   A l g e b r a i c   M o d e l i n g   S y s t e m
C o m p i l a t i o n


      CEE 6410
      Assignment 4:
      Problem formulation:
            Reservoir Operation
            The problem consist of a system where water is coming from a reservo
      ir to a hydro-power generator turbine,
            then to a stream and the water can be further diverted for irrigatin
      g lands, but there is a point called point "A"
            where at least 1 unit of water must be kept at all time stamp. The r
      eservoir gets its water from a upstream water sources as
            inflows and has a maximum capacity of 9 units of water and any addit
      ional amount of infow can be spilled.At a
            given time period,the initial storage of the reservoir is 5 units.
            The hydropower generator turbine has a maximum capacity of 4 units p
      er month.
            The problem provides the $/unit volume that can be generated each mo
      nth from hydro power and the irrigation.
            Considering all the information, there are total 7 constraint equati
      ons;
            1. Mass balance at the reservoir at the initial month;
                     X(reservoir, month_1) = X(Inflow, month_1) + Initial storag
      e (5 unit) - X(Spill, month_1) - X(Hydropower, month_1)
            2. Mass balance at the reservoir for any other time step;
                     X(reservoir, month_n) = X(reservoir, month_n-1)+X(Inflow)- 
      X(Spill) - X(Hydropower)    [wher n is number of monthes from 2]
            3. Reservoir capacity at any time step <= 9
            4. Hydropower generation at any time step <= 4
            5. Flow requirement @ A at any time step <= 1
            6. Mass balance just before irrigation diversion
                     X(Spill,month_n) + X(Hydropower,month_n) <= X(Irrigation,mo
      nth_n)+ X(Spill,month_n) [month_n = 1,2,..,6]
            7. All variables must be positive.
       
            if the coefficient of Hydropower benefit and irrigation benefit is h
      b and ib respectiely, then
                     Objective function is: Z = summation {hb*X(@month_n)+ ib*X(
      @month_n)}
       
      Prepared by: Mahmudur Rahman Aveek
      Aid: A02305118
      email: mahmud.aveek@usu.edu
      date: 23 September 2020
  33   
  34  *Define Sets
  35  SETS l all the points on the schemetic diagram /Res "Reservoir", Hyd "Hydr
      opower", Irr "Irrigation", Spi "Spill", AAA "A"/
  36       t all timesteps in months /month1*month6/;
  37   
  38  *Define input data
  39   
  40   
  41  PARAMETERS
  42      inflow(t) reservoir inflow (unit volume)
  43          /month1 2, month2 2, month3 3, month4 4, month5 3, month6 2/
  44      hb(t) reservoir benefit from hydro power($ per unit of water)
  45          /month1 1.6, month2 1.7, month3 1.8, month4 1.9, month5 2.0, month
      6 2.0/
  46      ib(t) reservoir benefit from irrigation ($ per unit of water)
  47         /month1 1.0, month2 1.2, month3 1.9, month4 2.0, month5 2.2, month6
       2.2/;
  48   
  49  SCALARS
  50      MaxStorage  Maximum Reservoir Storage (unit volume) /9/
  51      InStorage   Initial Storage of Reservoir (unit volume) /5/
  52      FlowReqA    Flow Requirment at point A (unit volume) /1/
  53      TurbCapacity Monthly maximum capacity (unit volume)/4/;
  54   
  55  VARIABLES
  56      X(l,t)   The amount of water unit at t timestep (unit volume)
  57      TOTALBEN Total Benefit ($);
  58   
  59  POSITIVE VARIABLES X
  60   
  61  EQUATIONS
  62   
  63   PROFIT Total collective profit generated from six months opertation
  64   RES_Storage_Con(l,t) Reservoir has a capacity
  65   Sustain_Con(l,t) Final Reservoir Storage must be greater than or equal to
       initial one
  66   OutFlow_at_A_Con(l,t) Outflow at point A be 1 or greater
  67   Turbine_Con(l,t) The turbine's montly maximum is 4
  68   MassBalance_at_B_Con(t) The mass balance at an imaginary point B just bef
      ore the irrigation diversion
  69   MassBalance_at_Res_Con(t) The mass balance at the reservoir
  70   MassBalance_at_Res_ini_Con(t) The initial mass balance at the reservoir;
  71   
  72  PROFIT..                          TOTALBEN=E=SUM(t,hb(t)*X("Hyd",t)+ib(t)*
      X("Irr",t));
  73  RES_Storage_Con(l,t)..            X("Res",t)=L= MaxStorage;
  74  Sustain_Con(l,t)..                X("Res","month6") =G= InStorage;
  75  OutFlow_at_A_Con(l,t)..           X("AAA",t)=G=FlowReqA;
  76  Turbine_Con(l,t)..                X("Hyd",t)=L= TurbCapacity;
  77  MassBalance_at_B_Con(t)..       X("Spi",t)+X("Hyd",t)=E=X("Irr",t)+X("AAA"
      ,t);
  78  MassBalance_at_Res_ini_Con(t)..   X("Res","month1")=E=InStorage+ inflow("m
      onth1")-X("Spi","month1")-X("Hyd","month1");
  79  MassBalance_at_Res_Con(t)$(ord(t) ge 2)..     X("Res",t)=E= X("Res",t-1)+i
      nflow(t)-X("Spi",t)-X("Hyd",t);
  80   
  81  * Defining the model
  82  *MODEL ADJUSTINGBTN /PROFIT,RES_Storage_Con,Sustain_Con,OutFlow_at_A_Con,T
      urbine_Con,MassBalance_at_B_Con,MassBalance_at_Res_ini_Con,MassBalance_at_
      Res_Con/;
  83   MODEL ADJUSTINGBTN/ALL/
  84  * Solving model
  85  SOLVE ADJUSTINGBTN USING LP MAXIMIZING TOTALBEN;


COMPILATION TIME     =        0.000 SECONDS      3 MB  24.2.3 r46072 WEX-WEI
GAMS 24.2.3  r46072 Released May 22, 2014 WEX-WEI x86_64/MS Windows 09/29/20 19:47:49 Page 2
G e n e r a l   A l g e b r a i c   M o d e l i n g   S y s t e m
Equation Listing    SOLVE ADJUSTINGBTN Using LP From line 85


---- PROFIT  =E=  Total collective profit generated from six months opertation

PROFIT..  - 1.6*X(Hyd,month1) - 1.7*X(Hyd,month2) - 1.8*X(Hyd,month3)
     
      - 1.9*X(Hyd,month4) - 2*X(Hyd,month5) - 2*X(Hyd,month6) - X(Irr,month1)
     
      - 1.2*X(Irr,month2) - 1.9*X(Irr,month3) - 2*X(Irr,month4)
     
      - 2.2*X(Irr,month5) - 2.2*X(Irr,month6) + TOTALBEN =E= 0 ; (LHS = 0)
     

---- RES_Storage_Con  =L=  Reservoir has a capacity

RES_Storage_Con(Res,month1)..  X(Res,month1) =L= 9 ; (LHS = 0)
     
RES_Storage_Con(Res,month2)..  X(Res,month2) =L= 9 ; (LHS = 0)
     
RES_Storage_Con(Res,month3)..  X(Res,month3) =L= 9 ; (LHS = 0)
     
REMAINING 27 ENTRIES SKIPPED


---- Sustain_Con  =G=  Final Reservoir Storage must be greater than or equal to 
                       initial one

Sustain_Con(Res,month1)..  X(Res,month6) =G= 5 ; (LHS = 0, INFES = 5 ****)
     
Sustain_Con(Res,month2)..  X(Res,month6) =G= 5 ; (LHS = 0, INFES = 5 ****)
     
Sustain_Con(Res,month3)..  X(Res,month6) =G= 5 ; (LHS = 0, INFES = 5 ****)
     
REMAINING 27 ENTRIES SKIPPED


---- OutFlow_at_A_Con  =G=  Outflow at point A be 1 or greater

OutFlow_at_A_Con(Res,month1)..  X(AAA,month1) =G= 1 ; (LHS = 0, INFES = 1 ****)
     
OutFlow_at_A_Con(Res,month2)..  X(AAA,month2) =G= 1 ; (LHS = 0, INFES = 1 ****)
     
OutFlow_at_A_Con(Res,month3)..  X(AAA,month3) =G= 1 ; (LHS = 0, INFES = 1 ****)
     
REMAINING 27 ENTRIES SKIPPED


---- Turbine_Con  =L=  The turbine's montly maximum is 4

Turbine_Con(Res,month1)..  X(Hyd,month1) =L= 4 ; (LHS = 0)
     
Turbine_Con(Res,month2)..  X(Hyd,month2) =L= 4 ; (LHS = 0)
     
Turbine_Con(Res,month3)..  X(Hyd,month3) =L= 4 ; (LHS = 0)
     
REMAINING 27 ENTRIES SKIPPED


---- MassBalance_at_B_Con  =E=  The mass balance at an imaginary point B just be
                                fore the irrigation diversion

MassBalance_at_B_Con(month1)..  X(Hyd,month1) - X(Irr,month1) + X(Spi,month1)
     
      - X(AAA,month1) =E= 0 ; (LHS = 0)
     
MassBalance_at_B_Con(month2)..  X(Hyd,month2) - X(Irr,month2) + X(Spi,month2)
     
      - X(AAA,month2) =E= 0 ; (LHS = 0)
     
MassBalance_at_B_Con(month3)..  X(Hyd,month3) - X(Irr,month3) + X(Spi,month3)
     
      - X(AAA,month3) =E= 0 ; (LHS = 0)
     
REMAINING 3 ENTRIES SKIPPED


---- MassBalance_at_Res_Con  =E=  The mass balance at the reservoir

MassBalance_at_Res_Con(month2)..  - X(Res,month1) + X(Res,month2)
     
      + X(Hyd,month2) + X(Spi,month2) =E= 2 ; (LHS = 0, INFES = 2 ****)
     
MassBalance_at_Res_Con(month3)..  - X(Res,month2) + X(Res,month3)
     
      + X(Hyd,month3) + X(Spi,month3) =E= 3 ; (LHS = 0, INFES = 3 ****)
     
MassBalance_at_Res_Con(month4)..  - X(Res,month3) + X(Res,month4)
     
      + X(Hyd,month4) + X(Spi,month4) =E= 4 ; (LHS = 0, INFES = 4 ****)
     
REMAINING 2 ENTRIES SKIPPED


---- MassBalance_at_Res_ini_Con  =E=  The initial mass balance at the reservoir

MassBalance_at_Res_ini_Con(month1)..  X(Res,month1) + X(Hyd,month1)
     
      + X(Spi,month1) =E= 7 ; (LHS = 0, INFES = 7 ****)
     
MassBalance_at_Res_ini_Con(month2)..  X(Res,month1) + X(Hyd,month1)
     
      + X(Spi,month1) =E= 7 ; (LHS = 0, INFES = 7 ****)
     
MassBalance_at_Res_ini_Con(month3)..  X(Res,month1) + X(Hyd,month1)
     
      + X(Spi,month1) =E= 7 ; (LHS = 0, INFES = 7 ****)
     
REMAINING 3 ENTRIES SKIPPED

GAMS 24.2.3  r46072 Released May 22, 2014 WEX-WEI x86_64/MS Windows 09/29/20 19:47:49 Page 3
G e n e r a l   A l g e b r a i c   M o d e l i n g   S y s t e m
Column Listing      SOLVE ADJUSTINGBTN Using LP From line 85


---- X  The amount of water unit at t timestep (unit volume)

X(Res,month1)
                (.LO, .L, .UP, .M = 0, 0, +INF, 0)
        1       RES_Storage_Con(Res,month1)
        1       RES_Storage_Con(Hyd,month1)
        1       RES_Storage_Con(Irr,month1)
        1       RES_Storage_Con(Spi,month1)
        1       RES_Storage_Con(AAA,month1)
       -1       MassBalance_at_Res_Con(month2)
        1       MassBalance_at_Res_ini_Con(month1)
        1       MassBalance_at_Res_ini_Con(month2)
        1       MassBalance_at_Res_ini_Con(month3)
        1       MassBalance_at_Res_ini_Con(month4)
        1       MassBalance_at_Res_ini_Con(month5)
        1       MassBalance_at_Res_ini_Con(month6)

X(Res,month2)
                (.LO, .L, .UP, .M = 0, 0, +INF, 0)
        1       RES_Storage_Con(Res,month2)
        1       RES_Storage_Con(Hyd,month2)
        1       RES_Storage_Con(Irr,month2)
        1       RES_Storage_Con(Spi,month2)
        1       RES_Storage_Con(AAA,month2)
        1       MassBalance_at_Res_Con(month2)
       -1       MassBalance_at_Res_Con(month3)

X(Res,month3)
                (.LO, .L, .UP, .M = 0, 0, +INF, 0)
        1       RES_Storage_Con(Res,month3)
        1       RES_Storage_Con(Hyd,month3)
        1       RES_Storage_Con(Irr,month3)
        1       RES_Storage_Con(Spi,month3)
        1       RES_Storage_Con(AAA,month3)
        1       MassBalance_at_Res_Con(month3)
       -1       MassBalance_at_Res_Con(month4)

REMAINING 27 ENTRIES SKIPPED

---- TOTALBEN  Total Benefit ($)

TOTALBEN
                (.LO, .L, .UP, .M = -INF, 0, +INF, 0)
        1       PROFIT

GAMS 24.2.3  r46072 Released May 22, 2014 WEX-WEI x86_64/MS Windows 09/29/20 19:47:49 Page 4
G e n e r a l   A l g e b r a i c   M o d e l i n g   S y s t e m
Model Statistics    SOLVE ADJUSTINGBTN Using LP From line 85


MODEL STATISTICS

BLOCKS OF EQUATIONS           8     SINGLE EQUATIONS          138
BLOCKS OF VARIABLES           2     SINGLE VARIABLES           31
NON ZERO ELEMENTS           195


GENERATION TIME      =        0.000 SECONDS      4 MB  24.2.3 r46072 WEX-WEI


EXECUTION TIME       =        0.000 SECONDS      4 MB  24.2.3 r46072 WEX-WEI
GAMS 24.2.3  r46072 Released May 22, 2014 WEX-WEI x86_64/MS Windows 09/29/20 19:47:49 Page 5
G e n e r a l   A l g e b r a i c   M o d e l i n g   S y s t e m
Solution Report     SOLVE ADJUSTINGBTN Using LP From line 85


               S O L V E      S U M M A R Y

     MODEL   ADJUSTINGBTN        OBJECTIVE  TOTALBEN
     TYPE    LP                  DIRECTION  MAXIMIZE
     SOLVER  CPLEX               FROM LINE  85

**** SOLVER STATUS     1 Normal Completion         
**** MODEL STATUS      1 Optimal                   
**** OBJECTIVE VALUE               51.6000

 RESOURCE USAGE, LIMIT          0.000      1000.000
 ITERATION COUNT, LIMIT        10    2000000000

IBM ILOG CPLEX   24.2.3 r46072 Released May 22, 2014 WEI x86_64/MS Windows    
Cplex 12.6.0.0

Space for names approximately 0.01 Mb
Use option 'names no' to turn use of names off
LP status(1): optimal
Cplex Time: 0.00sec (det. 0.10 ticks)
Optimal solution found.
Objective :          51.600000


                       LOWER     LEVEL     UPPER    MARGINAL

---- EQU PROFIT          .         .         .        1.000      

  PROFIT  Total collective profit generated from six months opertation

---- EQU RES_Storage_Con  Reservoir has a capacity

              LOWER     LEVEL     UPPER    MARGINAL

Res.month1     -INF      6.000     9.000      .         
Res.month2     -INF      7.000     9.000      .         
Res.month3     -INF      8.000     9.000      .         
Res.month4     -INF      8.000     9.000      .         
Res.month5     -INF      7.000     9.000      .         
Res.month6     -INF      5.000     9.000      .         
Hyd.month1     -INF      6.000     9.000      .         
Hyd.month2     -INF      7.000     9.000      .         
Hyd.month3     -INF      8.000     9.000      .         
Hyd.month4     -INF      8.000     9.000      .         
Hyd.month5     -INF      7.000     9.000      .         
Hyd.month6     -INF      5.000     9.000      .         
Irr.month1     -INF      6.000     9.000      .         
Irr.month2     -INF      7.000     9.000      .         
Irr.month3     -INF      8.000     9.000      .         
Irr.month4     -INF      8.000     9.000      .         
Irr.month5     -INF      7.000     9.000      .         
Irr.month6     -INF      5.000     9.000      .         
Spi.month1     -INF      6.000     9.000      .         
Spi.month2     -INF      7.000     9.000      .         
Spi.month3     -INF      8.000     9.000      .         
Spi.month4     -INF      8.000     9.000      .         
Spi.month5     -INF      7.000     9.000      .         
Spi.month6     -INF      5.000     9.000      .         
AAA.month1     -INF      6.000     9.000      .         
AAA.month2     -INF      7.000     9.000      .         
AAA.month3     -INF      8.000     9.000      .         
AAA.month4     -INF      8.000     9.000      .         
AAA.month5     -INF      7.000     9.000      .         
AAA.month6     -INF      5.000     9.000      .         

---- EQU Sustain_Con  Final Reservoir Storage must be greater than or equal to i
                      nitial one

              LOWER     LEVEL     UPPER    MARGINAL

Res.month1     5.000     5.000     +INF     -3.700      
Res.month2     5.000     5.000     +INF       .         
Res.month3     5.000     5.000     +INF       .         
Res.month4     5.000     5.000     +INF       .         
Res.month5     5.000     5.000     +INF       .         
Res.month6     5.000     5.000     +INF       .         
Hyd.month1     5.000     5.000     +INF       .         
Hyd.month2     5.000     5.000     +INF       .         
Hyd.month3     5.000     5.000     +INF       .         
Hyd.month4     5.000     5.000     +INF       .         
Hyd.month5     5.000     5.000     +INF       .         
Hyd.month6     5.000     5.000     +INF       .         
Irr.month1     5.000     5.000     +INF       .         
Irr.month2     5.000     5.000     +INF       .         
Irr.month3     5.000     5.000     +INF       .         
Irr.month4     5.000     5.000     +INF       .         
Irr.month5     5.000     5.000     +INF       .         
Irr.month6     5.000     5.000     +INF       .         
Spi.month1     5.000     5.000     +INF       .         
Spi.month2     5.000     5.000     +INF       .         
Spi.month3     5.000     5.000     +INF       .         
Spi.month4     5.000     5.000     +INF       .         
Spi.month5     5.000     5.000     +INF       .         
Spi.month6     5.000     5.000     +INF       .         
AAA.month1     5.000     5.000     +INF       .         
AAA.month2     5.000     5.000     +INF       .         
AAA.month3     5.000     5.000     +INF       .         
AAA.month4     5.000     5.000     +INF       .         
AAA.month5     5.000     5.000     +INF       .         
AAA.month6     5.000     5.000     +INF       .         

---- EQU OutFlow_at_A_Con  Outflow at point A be 1 or greater

              LOWER     LEVEL     UPPER    MARGINAL

Res.month1     1.000     1.000     +INF     -2.100      
Res.month2     1.000     1.000     +INF     -2.000      
Res.month3     1.000     1.000     +INF     -1.900      
Res.month4     1.000     1.000     +INF     -2.000      
Res.month5     1.000     1.000     +INF     -2.200      
Res.month6     1.000     1.000     +INF     -2.200      
Hyd.month1     1.000     1.000     +INF       .         
Hyd.month2     1.000     1.000     +INF       .         
Hyd.month3     1.000     1.000     +INF       .         
Hyd.month4     1.000     1.000     +INF       .         
Hyd.month5     1.000     1.000     +INF       .         
Hyd.month6     1.000     1.000     +INF       .         
Irr.month1     1.000     1.000     +INF       .         
Irr.month2     1.000     1.000     +INF       .         
Irr.month3     1.000     1.000     +INF       .         
Irr.month4     1.000     1.000     +INF       .         
Irr.month5     1.000     1.000     +INF       .         
Irr.month6     1.000     1.000     +INF       .         
Spi.month1     1.000     1.000     +INF       .         
Spi.month2     1.000     1.000     +INF       .         
Spi.month3     1.000     1.000     +INF       .         
Spi.month4     1.000     1.000     +INF       .         
Spi.month5     1.000     1.000     +INF       .         
Spi.month6     1.000     1.000     +INF       .         
AAA.month1     1.000     1.000     +INF       .         
AAA.month2     1.000     1.000     +INF       .         
AAA.month3     1.000     1.000     +INF       .         
AAA.month4     1.000     1.000     +INF       .         
AAA.month5     1.000     1.000     +INF       .         
AAA.month6     1.000     1.000     +INF       .         

---- EQU Turbine_Con  The turbine's montly maximum is 4

              LOWER     LEVEL     UPPER    MARGINAL

Res.month1     -INF      1.000     4.000      .         
Res.month2     -INF      1.000     4.000      .         
Res.month3     -INF      2.000     4.000      .         
Res.month4     -INF      4.000     4.000     0.200      
Res.month5     -INF      4.000     4.000     0.500      
Res.month6     -INF      4.000     4.000     0.500      
Hyd.month1     -INF      1.000     4.000      .         
Hyd.month2     -INF      1.000     4.000      .         
Hyd.month3     -INF      2.000     4.000      .         
Hyd.month4     -INF      4.000     4.000      .         
Hyd.month5     -INF      4.000     4.000      .         
Hyd.month6     -INF      4.000     4.000      .         
Irr.month1     -INF      1.000     4.000      .         
Irr.month2     -INF      1.000     4.000      .         
Irr.month3     -INF      2.000     4.000      .         
Irr.month4     -INF      4.000     4.000      .         
Irr.month5     -INF      4.000     4.000      .         
Irr.month6     -INF      4.000     4.000      .         
Spi.month1     -INF      1.000     4.000      .         
Spi.month2     -INF      1.000     4.000      .         
Spi.month3     -INF      2.000     4.000      .         
Spi.month4     -INF      4.000     4.000      .         
Spi.month5     -INF      4.000     4.000      .         
Spi.month6     -INF      4.000     4.000      .         
AAA.month1     -INF      1.000     4.000      .         
AAA.month2     -INF      1.000     4.000      .         
AAA.month3     -INF      2.000     4.000      .         
AAA.month4     -INF      4.000     4.000      .         
AAA.month5     -INF      4.000     4.000      .         
AAA.month6     -INF      4.000     4.000      .         

---- EQU MassBalance_at_B_Con  The mass balance at an imaginary point B just bef
                               ore the irrigation diversion

          LOWER     LEVEL     UPPER    MARGINAL

month1      .         .         .       -2.100      
month2      .         .         .       -2.000      
month3      .         .         .       -1.900      
month4      .         .         .       -2.000      
month5      .         .         .       -2.200      
month6      .         .         .       -2.200      

---- EQU MassBalance_at_Res_Con  The mass balance at the reservoir

          LOWER     LEVEL     UPPER    MARGINAL

month2     2.000     2.000     2.000     3.700      
month3     3.000     3.000     3.000     3.700      
month4     4.000     4.000     4.000     3.700      
month5     3.000     3.000     3.000     3.700      
month6     2.000     2.000     2.000     3.700      

---- EQU MassBalance_at_Res_ini_Con  The initial mass balance at the reservoir

          LOWER     LEVEL     UPPER    MARGINAL

month1     7.000     7.000     7.000     3.700      
month2     7.000     7.000     7.000      .         
month3     7.000     7.000     7.000      .         
month4     7.000     7.000     7.000      .         
month5     7.000     7.000     7.000      .         
month6     7.000     7.000     7.000      .         

---- VAR X  The amount of water unit at t timestep (unit volume)

              LOWER     LEVEL     UPPER    MARGINAL

Res.month1      .        6.000     +INF       .         
Res.month2      .        7.000     +INF       .         
Res.month3      .        8.000     +INF       .         
Res.month4      .        8.000     +INF       .         
Res.month5      .        7.000     +INF       .         
Res.month6      .        5.000     +INF       .         
Hyd.month1      .        1.000     +INF       .         
Hyd.month2      .        1.000     +INF       .         
Hyd.month3      .        2.000     +INF       .         
Hyd.month4      .        4.000     +INF       .         
Hyd.month5      .        4.000     +INF       .         
Hyd.month6      .        4.000     +INF       .         
Irr.month1      .         .        +INF     -1.100      
Irr.month2      .         .        +INF     -0.800      
Irr.month3      .        1.000     +INF       .         
Irr.month4      .        3.000     +INF       .         
Irr.month5      .        3.000     +INF       .         
Irr.month6      .        3.000     +INF       .         
Spi.month1      .         .        +INF     -1.600      
Spi.month2      .         .        +INF     -1.700      
Spi.month3      .         .        +INF     -1.800      
Spi.month4      .         .        +INF     -1.700      
Spi.month5      .         .        +INF     -1.500      
Spi.month6      .         .        +INF     -1.500      
AAA.month1      .        1.000     +INF       .         
AAA.month2      .        1.000     +INF       .         
AAA.month3      .        1.000     +INF       .         
AAA.month4      .        1.000     +INF       .         
AAA.month5      .        1.000     +INF       .         
AAA.month6      .        1.000     +INF       .         

                       LOWER     LEVEL     UPPER    MARGINAL

---- VAR TOTALBEN       -INF     51.600     +INF       .         

  TOTALBEN  Total Benefit ($)


**** REPORT SUMMARY :        0     NONOPT
                             0 INFEASIBLE
                             0  UNBOUNDED


EXECUTION TIME       =        0.000 SECONDS      2 MB  24.2.3 r46072 WEX-WEI


USER: Utah Water Research Laboratory (5 user)        G140130:1517AV-GEN
      Utah State University                                      DC7087
      License for teaching and research at degree granting institutions


**** FILE SUMMARY

Input      C:\Rosenberg\Work\USU\Classes\CEE6410\Fall2020\StudentWork\HW4\Submit
           ted\aveekmahmud_1625010_78531055_HW4_4_MRA.gms
Output     C:\Rosenberg\Work\USU\Classes\CEE6410\Fall2020\CEE6410-Rosenberg-GitH
           ub\CEE-6410-Rosenberg\Lectures\aveekmahmud_1625010_78531055_HW4_4_MRA
           .lst
