GAMS 47.6.0  c2de9d6d Sep 12, 2024          WEX-WEI x86 64bit/MS Windows - 11/07/24 15:59:40 Page 1
G e n e r a l   A l g e b r a i c   M o d e l i n g   S y s t e m
C o m p i l a t i o n


      CEE 6410 Fall 2018
      Problem 19.5 in Bishop et al and Example 1 in the Lecture notes MOP - Classical Methods.
       
      A reservoir with capacity of 60 units of water and season 1 and 2 streamflow
      of 100 and 20 units, respectively, during a critical design period.
      The reservoir is intended to maximize both irrigation yield (X),
      and hydropower yield (Y) (refer to Figure 19.3).  Irrigation yield has seasonal
      distribution (at) of (0.3, 0.7).  Hydropower releases have seasonal a
      distribution of Bt = (0.6, 0.4).
       
      Assume initial storage of 30 units and turbine capacity of 45 units.
      The irrigation district diverts all river water downstream of the reservoir
      (NOT from the HYDROPOWER facility)
       
      Develop an LP model of this problem and
      generate the Pareto optimal set of solutions by using the constraint method.
      Is the limiting resource water or reservoir capacity?
      What is the relative weighting of the two objectives if an irrigation  yield of 50 is selected?
       
      THE PROBLEM
      Objective 1 (Irrigation Yield) is Max X = 0.3*I(1) + 0.7*I(2)
      Objective 2 (Hydropower Yield) is Max Y = 0.6*H(1) + 0.4*H(2)
       
      Subject to
               S(t+1) = S(t) + inflow(t) - H(t) - Sp(t)  (reservoir mass balance);
               S(t) <= 60    (reservoir capacity)
               I(t) = SPI(t)   (irrigation deliveries from river)
               H(t) <= 45    (turbine capacity)
       
       
      David E. Rosenberg
      October 7, 2018
      david.rosenberg@usu.edu
  36   
  37  *1. Define the sets
  38  SETS t season /s1*s2/
  39       l network locations
  40           /res "Reservoir", hyd "Hydropower", irr "Irrigation", spi "Spill"/
  41  *    Define a new set f (objective functions) that is a subset of the set l
  42  *    See GAMS Users Guide Section 4.4
  43       f(l) locations of benefits /hyd,irr/;
  44   
  45  *Define a second name for the set f -- f2. See GAMS Users Guide Section 4.3.
  46  Alias (f,f2);
  47   
  48   
  49  *2. Define the input data
  50  PARAMETERS
  51     inflow(t) reservoir inflow (volume)
  52          /s1 100, s2 20/
  53     FtoUse(f) Objective functions to use (1=yes 0=no)
  54     FLevel(f)  Right hand side of constraint when the objective is constrained (arb. units)
  55  * Note we did not set values for FtoUse or FLevel. GAMS assumes zeros. We will set later with an assignment statement
  56     FStore(f2,f) Storing objective function values over different scenarios of f
  57     XStore(f2,l,t) Store decision variable values over different scenarios of f;
  58   
  59  TABLE bens(f,t) benefit at location f at time t ($ per volume)
  60            s1     s2
  61       hyd  0.6    0.4
  62       irr  0.3    0.7
  63            ;
  64   
  65  SCALARS
  66     MaxStor Maximum reservoir storage (volume) /60/
  67     InitStor Initital reservoir storage (volume) /30/
  68     TurbCap  Turbine capacity (volume) /45/;
  69   
  70   
  71  *3. Define the decision variables
  72  VARIABLES
  73     X(l,t)  Flow or storage in network at location l at time t (volume)
  74     FBen(f)   Total benefits at location f ($)
  75     TotalBen    Total benefits across all locations ($)
  76   
  77  Positive Variables X;
  78   
  79  *4. Define the equations
  80  EQUATIONS
  81     FBenefit Benefits at location f ($) [Objective function]
  82     TotBenefits Total benefits across all locations ($) [Single objective function]
  83     ResBalance(t) Reservoir mass balance in time t (volume)
  84     ResCapacity(t) Upper limit on reservoir storage (volume)
  85     EndStorage Ending reservoir storage (volume)
  86     HydropowerCap(t) Hydropower capacity for each month (volume)
  87     IrrFlow(t)  Irrigation flow from river (volume);
  88   
  89   
  90  *Equations for LP formulation
  91  FBenefit(f)..        FBen(f) =E= SUM(t, bens(f,t)*X(f,t));
  92  TotBenefits..         TotalBen =E= SUM(f,FtoUse(f)*FBen(f));
  93  ResBalance(t)..     X("res",t) =E= inflow(t) - X("hyd",t) - X("spi",t) +
  94  *                              Only use initial storage in time step 1
  95                                 InitStor$(ord(t) eq 1) +
  96  *                              Use prior storage in other time steps
  97                                 X("res",t-1)$(ord(t) gt 1);
  98  ResCapacity(t) ..   X("res",t) =L= MaxStor;
  99  *card(t) = last time step.
 100  EndStorage..        sum(t$(ord(t) eq card(t)),X("res",t)) =G= InitStor;
 101  HydropowerCap(t)..  X("hyd",t) =L=  TurbCap;
 102  IrrFlow(t)..   X("irr",t) =E= X("spi",t);
 103   
 104  *5. Define the models
 105  *Linear Program - combined objective functions
 106  *This model will also allow us to find the extreme points by adjusting FToUse(f)
 107  MODEL ExtremePt Find an extreme point of the LP
 108           /FBenefit,TotBenefits,ResBalance,ResCapacity,EndStorage,HydropowerCap,IrrFlow/;
 109   
 110  *Model that constrains one objective to be greater than a level
 111  EQUATION
 112  ObjAsCon(f)    Objective function as constraint f(x) >= FLevel;
 113   
 114  ObjAsCon(f)$(1 - FtoUse(f))..   FBen(f) =G= FLevel(f);
 115   
 116   
 117  MODEL ObjAsConstraint Single-objective model with other objectives constrained /ALL/;
 118   
 119   
 120  *6. Solve the models.
 121   
 122  *First, solve the single objective formulation (MAX Irrigation + Hydropower benefits; as in prior models)
 123  *   SUM(t, IRR(1)+IRR(2) + HYD(1) + HYD(2)
 124  FtoUse(f) = 1;
 125   
 126  *Solve as a single-objective deterministic linear programming formulation
 127  *SOLVE ExtremePt USING LP Maximizing TotalBen;
 128   
 129   
 130  * Solve for the extrement points in sequence
 131  * Step A. First find the extreme points associated with objective #1. Ignore all other objectives
 132  *   i.e., Max fi(X) s.t. aX <= b;
 133  * Then move to objective #2
 134   
 135  Loop(f2,
 136  *  Ignore all the objectives
 137     FtoUse(f) = 0;
 138  *  Only consider the current objective
 139     FtoUse(f2) = 1;
 140   
 141     Display FtoUse;
 142   
 143  *  Solve the model
 144     SOLVE ExtremePt USING LP MAXIMIZING TotalBen;
 145   
 146     DISPLAY TotalBen.L, FBen.L, X.L;
 147  *Also save the results for later use
 148     FStore(f2,f) = FBen.L(f);
 149     XStore(f2,l,t) = X.L(l,t);
 150   
 151     );
 152   
 153  DISPLAY FStore,XStore;
 154   
      * Step B. Constrain one objective function value and maximize the other objective
       
      *Maximum the hydropower objective, constraint the irrigation objective
      FToUse(f) = 0;
      FtoUse("hyd") = 1;
      *Constrain the irrigation objective
      *Choose a value between the extreme points for the irrigation objective identified above
      FLevel("irr") = ________________ ;
       
      *Alternatively
      *Maximize the irrigation objective, constrain the hydropower objective
      *FtoUse(f) = 0;
      *FtoUse("irr") = 1;
      *Set a level for the Hydropower objective
      *FLevel("hyd") = 15;
       
      SOLVE ObjAsConstraint USING LP MAXIMIZING TotalBen;
       
      DISPLAY TotalBen.L, FBen.L, X.L;
       
      * Dump all input data and results to a GAMS gdx file
      Execute_Unload "Ex19-5.gdx";
      * Dump the gdx file to an Excel workbook
      Execute "gdx2xls Ex19-5.gdx"


COMPILATION TIME     =        0.015 SECONDS      3 MB  47.6.0 c2de9d6d WEX-WEI
GAMS 47.6.0  c2de9d6d Sep 12, 2024          WEX-WEI x86 64bit/MS Windows - 11/07/24 15:59:40 Page 2
G e n e r a l   A l g e b r a i c   M o d e l i n g   S y s t e m
E x e c u t i o n


----    141 PARAMETER FtoUse  Objective functions to use (1=yes 0=no)

hyd 1.000

GAMS 47.6.0  c2de9d6d Sep 12, 2024          WEX-WEI x86 64bit/MS Windows - 11/07/24 15:59:40 Page 3
G e n e r a l   A l g e b r a i c   M o d e l i n g   S y s t e m
Equation Listing    SOLVE ExtremePt Using LP From line 144


---- FBenefit  =E=  Benefits at location f ($) [Objective function]

FBenefit(hyd)..  - 0.6*X(hyd,s1) - 0.4*X(hyd,s2) + FBen(hyd) =E= 0 ; (LHS = 0)
     
FBenefit(irr)..  - 0.3*X(irr,s1) - 0.7*X(irr,s2) + FBen(irr) =E= 0 ; (LHS = 0)
     

---- TotBenefits  =E=  Total benefits across all locations ($) [Single objective function]

TotBenefits..  - FBen(hyd) + TotalBen =E= 0 ; (LHS = 0)
     

---- ResBalance  =E=  Reservoir mass balance in time t (volume)

ResBalance(s1)..  X(res,s1) + X(hyd,s1) + X(spi,s1) =E= 130 ; (LHS = 0, INFES = 130 ****)
     
ResBalance(s2)..  - X(res,s1) + X(res,s2) + X(hyd,s2) + X(spi,s2) =E= 20 ; (LHS = 0, INFES = 20 ****)
     

---- ResCapacity  =L=  Upper limit on reservoir storage (volume)

ResCapacity(s1)..  X(res,s1) =L= 60 ; (LHS = 0)
     
ResCapacity(s2)..  X(res,s2) =L= 60 ; (LHS = 0)
     

---- EndStorage  =G=  Ending reservoir storage (volume)

EndStorage..  X(res,s2) =G= 30 ; (LHS = 0, INFES = 30 ****)
     

---- HydropowerCap  =L=  Hydropower capacity for each month (volume)

HydropowerCap(s1)..  X(hyd,s1) =L= 45 ; (LHS = 0)
     
HydropowerCap(s2)..  X(hyd,s2) =L= 45 ; (LHS = 0)
     

---- IrrFlow  =E=  Irrigation flow from river (volume)

IrrFlow(s1)..  X(irr,s1) - X(spi,s1) =E= 0 ; (LHS = 0)
     
IrrFlow(s2)..  X(irr,s2) - X(spi,s2) =E= 0 ; (LHS = 0)
     
GAMS 47.6.0  c2de9d6d Sep 12, 2024          WEX-WEI x86 64bit/MS Windows - 11/07/24 15:59:40 Page 4
G e n e r a l   A l g e b r a i c   M o d e l i n g   S y s t e m
Column Listing      SOLVE ExtremePt Using LP From line 144


---- X  Flow or storage in network at location l at time t (volume)

X(res,s1)
                (.LO, .L, .UP, .M = 0, 0, +INF, 0)
        1       ResBalance(s1)
       -1       ResBalance(s2)
        1       ResCapacity(s1)

X(res,s2)
                (.LO, .L, .UP, .M = 0, 0, +INF, 0)
        1       ResBalance(s2)
        1       ResCapacity(s2)
        1       EndStorage

X(hyd,s1)
                (.LO, .L, .UP, .M = 0, 0, +INF, 0)
       -0.6     FBenefit(hyd)
        1       ResBalance(s1)
        1       HydropowerCap(s1)

REMAINING 5 ENTRIES SKIPPED

---- FBen  Total benefits at location f ($)

FBen(hyd)
                (.LO, .L, .UP, .M = -INF, 0, +INF, 0)
        1       FBenefit(hyd)
       -1       TotBenefits

FBen(irr)
                (.LO, .L, .UP, .M = -INF, 0, +INF, 0)
        1       FBenefit(irr)


---- TotalBen  Total benefits across all locations ($)

TotalBen
                (.LO, .L, .UP, .M = -INF, 0, +INF, 0)
        1       TotBenefits

GAMS 47.6.0  c2de9d6d Sep 12, 2024          WEX-WEI x86 64bit/MS Windows - 11/07/24 15:59:40 Page 5
G e n e r a l   A l g e b r a i c   M o d e l i n g   S y s t e m
Range Statistics    SOLVE ExtremePt Using LP From line 144


RANGE STATISTICS (ABSOLUTE NON-ZERO FINITE VALUES)

RHS       [min, max] : [ 2.000E+01, 1.300E+02] - Zero values observed as well
Bound     [min, max] : [        NA,        NA] - Zero values observed as well
Matrix    [min, max] : [ 3.000E-01, 1.000E+00]

GAMS 47.6.0  c2de9d6d Sep 12, 2024          WEX-WEI x86 64bit/MS Windows - 11/07/24 15:59:40 Page 6
G e n e r a l   A l g e b r a i c   M o d e l i n g   S y s t e m
Model Statistics    SOLVE ExtremePt Using LP From line 144


LOOPS                                   f2   hyd


MODEL STATISTICS

BLOCKS OF EQUATIONS           7     SINGLE EQUATIONS           12
BLOCKS OF VARIABLES           3     SINGLE VARIABLES           11
NON ZERO ELEMENTS            24


GENERATION TIME      =        0.250 SECONDS      4 MB  47.6.0 c2de9d6d WEX-WEI
               L O O P S                 f2 hyd

GAMS 47.6.0  c2de9d6d Sep 12, 2024          WEX-WEI x86 64bit/MS Windows - 11/07/24 15:59:40 Page 7
G e n e r a l   A l g e b r a i c   M o d e l i n g   S y s t e m
Solution Report     SOLVE ExtremePt Using LP From line 144


               S O L V E      S U M M A R Y

     MODEL   ExtremePt           OBJECTIVE  TotalBen
     TYPE    LP                  DIRECTION  MAXIMIZE
     SOLVER  CPLEX               FROM LINE  144

**** SOLVER STATUS     1 Normal Completion
**** MODEL STATUS      1 Optimal
**** OBJECTIVE VALUE               45.0000

 RESOURCE USAGE, LIMIT          0.016 10000000000.000
 ITERATION COUNT, LIMIT         0    2147483647
*** This solver runs with a community license.
--- GMO setup time: 0.00s
--- GMO memory 0.50 Mb (peak 0.50 Mb)
--- Dictionary memory 0.00 Mb
--- Cplex 22.1.1.0 link memory 0.00 Mb (peak 0.00 Mb)
--- Starting Cplex


--- LP status (1): optimal.
--- Cplex Time: 0.02sec (det. 0.01 ticks)


Optimal solution found
Objective:           45.000000


---- EQU FBenefit  Benefits at location f ($) [Objective function]

           LOWER          LEVEL          UPPER         MARGINAL

hyd          .              .              .             1.0000      
irr          .              .              .             EPS         

                           LOWER          LEVEL          UPPER         MARGINAL

---- EQU TotBenefi~          .              .              .             1.0000      

  TotBenefits  Total benefits across all locations ($) [Single objective function]

---- EQU ResBalance  Reservoir mass balance in time t (volume)

          LOWER          LEVEL          UPPER         MARGINAL

s1       130.0000       130.0000       130.0000         EPS         
s2        20.0000        20.0000        20.0000         EPS         

---- EQU ResCapacity  Upper limit on reservoir storage (volume)

          LOWER          LEVEL          UPPER         MARGINAL

s1        -INF           55.0000        60.0000          .          
s2        -INF           30.0000        60.0000          .          

                           LOWER          LEVEL          UPPER         MARGINAL

---- EQU EndStorage        30.0000        30.0000        +INF            EPS         

  EndStorage  Ending reservoir storage (volume)

---- EQU HydropowerCap  Hydropower capacity for each month (volume)

          LOWER          LEVEL          UPPER         MARGINAL

s1        -INF           45.0000        45.0000         0.6000      
s2        -INF           45.0000        45.0000         0.4000      

---- EQU IrrFlow  Irrigation flow from river (volume)

          LOWER          LEVEL          UPPER         MARGINAL

s1          .              .              .             EPS         
s2          .              .              .             EPS         

---- VAR X  Flow or storage in network at location l at time t (volume)

              LOWER          LEVEL          UPPER         MARGINAL

res.s1          .            55.0000        +INF             .          
res.s2          .            30.0000        +INF             .          
hyd.s1          .            45.0000        +INF             .          
hyd.s2          .            45.0000        +INF             .          
irr.s1          .            30.0000        +INF             .          
irr.s2          .              .            +INF             .          
spi.s1          .            30.0000        +INF             .          
spi.s2          .              .            +INF            EPS         

---- VAR FBen  Total benefits at location f ($)

           LOWER          LEVEL          UPPER         MARGINAL

hyd        -INF           45.0000        +INF             .          
irr        -INF            9.0000        +INF             .          

                           LOWER          LEVEL          UPPER         MARGINAL

---- VAR TotalBen          -INF           45.0000        +INF             .          

  TotalBen  Total benefits across all locations ($)


**** REPORT SUMMARY :        0     NONOPT
                             0 INFEASIBLE
                             0  UNBOUNDED
GAMS 47.6.0  c2de9d6d Sep 12, 2024          WEX-WEI x86 64bit/MS Windows - 11/07/24 15:59:40 Page 8
G e n e r a l   A l g e b r a i c   M o d e l i n g   S y s t e m
E x e c u t i o n


----    146 VARIABLE TotalBen.L            =       45.000  Total benefits across all locations ($)

----    146 VARIABLE FBen.L  Total benefits at location f ($)

hyd 45.000,    irr  9.000


----    146 VARIABLE X.L  Flow or storage in network at location l at time t (volume)

             s1          s2

res      55.000      30.000
hyd      45.000      45.000
irr      30.000
spi      30.000


----    141 PARAMETER FtoUse  Objective functions to use (1=yes 0=no)

irr 1.000

GAMS 47.6.0  c2de9d6d Sep 12, 2024          WEX-WEI x86 64bit/MS Windows - 11/07/24 15:59:40 Page 9
G e n e r a l   A l g e b r a i c   M o d e l i n g   S y s t e m
Equation Listing    SOLVE ExtremePt Using LP From line 144


---- FBenefit  =E=  Benefits at location f ($) [Objective function]

FBenefit(hyd)..  - 0.6*X(hyd,s1) - 0.4*X(hyd,s2) + FBen(hyd) =E= 0 ; (LHS = 0)
     
FBenefit(irr)..  - 0.3*X(irr,s1) - 0.7*X(irr,s2) + FBen(irr) =E= 0 ; (LHS = 0)
     

---- TotBenefits  =E=  Total benefits across all locations ($) [Single objective function]

TotBenefits..  - FBen(irr) + TotalBen =E= 0 ; (LHS = 36, INFES = 36 ****)
     

---- ResBalance  =E=  Reservoir mass balance in time t (volume)

ResBalance(s1)..  X(res,s1) + X(hyd,s1) + X(spi,s1) =E= 130 ; (LHS = 130)
     
ResBalance(s2)..  - X(res,s1) + X(res,s2) + X(hyd,s2) + X(spi,s2) =E= 20 ; (LHS = 20)
     

---- ResCapacity  =L=  Upper limit on reservoir storage (volume)

ResCapacity(s1)..  X(res,s1) =L= 60 ; (LHS = 55)
     
ResCapacity(s2)..  X(res,s2) =L= 60 ; (LHS = 30)
     

---- EndStorage  =G=  Ending reservoir storage (volume)

EndStorage..  X(res,s2) =G= 30 ; (LHS = 30)
     

---- HydropowerCap  =L=  Hydropower capacity for each month (volume)

HydropowerCap(s1)..  X(hyd,s1) =L= 45 ; (LHS = 45)
     
HydropowerCap(s2)..  X(hyd,s2) =L= 45 ; (LHS = 45)
     

---- IrrFlow  =E=  Irrigation flow from river (volume)

IrrFlow(s1)..  X(irr,s1) - X(spi,s1) =E= 0 ; (LHS = 0)
     
IrrFlow(s2)..  X(irr,s2) - X(spi,s2) =E= 0 ; (LHS = 0)
     
GAMS 47.6.0  c2de9d6d Sep 12, 2024          WEX-WEI x86 64bit/MS Windows - 11/07/24 15:59:40 Page 10
G e n e r a l   A l g e b r a i c   M o d e l i n g   S y s t e m
Column Listing      SOLVE ExtremePt Using LP From line 144


---- X  Flow or storage in network at location l at time t (volume)

X(res,s1)
                (.LO, .L, .UP, .M = 0, 55, +INF, 0)
        1       ResBalance(s1)
       -1       ResBalance(s2)
        1       ResCapacity(s1)

X(res,s2)
                (.LO, .L, .UP, .M = 0, 30, +INF, 0)
        1       ResBalance(s2)
        1       ResCapacity(s2)
        1       EndStorage

X(hyd,s1)
                (.LO, .L, .UP, .M = 0, 45, +INF, 0)
       -0.6     FBenefit(hyd)
        1       ResBalance(s1)
        1       HydropowerCap(s1)

REMAINING 5 ENTRIES SKIPPED

---- FBen  Total benefits at location f ($)

FBen(hyd)
                (.LO, .L, .UP, .M = -INF, 45, +INF, 0)
        1       FBenefit(hyd)

FBen(irr)
                (.LO, .L, .UP, .M = -INF, 9, +INF, 0)
        1       FBenefit(irr)
       -1       TotBenefits


---- TotalBen  Total benefits across all locations ($)

TotalBen
                (.LO, .L, .UP, .M = -INF, 45, +INF, 0)
        1       TotBenefits

GAMS 47.6.0  c2de9d6d Sep 12, 2024          WEX-WEI x86 64bit/MS Windows - 11/07/24 15:59:40 Page 11
G e n e r a l   A l g e b r a i c   M o d e l i n g   S y s t e m
Range Statistics    SOLVE ExtremePt Using LP From line 144


RANGE STATISTICS (ABSOLUTE NON-ZERO FINITE VALUES)

RHS       [min, max] : [ 2.000E+01, 1.300E+02] - Zero values observed as well
Bound     [min, max] : [        NA,        NA] - Zero values observed as well
Matrix    [min, max] : [ 3.000E-01, 1.000E+00]

GAMS 47.6.0  c2de9d6d Sep 12, 2024          WEX-WEI x86 64bit/MS Windows - 11/07/24 15:59:40 Page 12
G e n e r a l   A l g e b r a i c   M o d e l i n g   S y s t e m
Model Statistics    SOLVE ExtremePt Using LP From line 144


LOOPS                                   f2   irr


MODEL STATISTICS

BLOCKS OF EQUATIONS           7     SINGLE EQUATIONS           12
BLOCKS OF VARIABLES           3     SINGLE VARIABLES           11
NON ZERO ELEMENTS            24


GENERATION TIME      =        0.078 SECONDS      4 MB  47.6.0 c2de9d6d WEX-WEI
               L O O P S                 f2 irr

GAMS 47.6.0  c2de9d6d Sep 12, 2024          WEX-WEI x86 64bit/MS Windows - 11/07/24 15:59:40 Page 13
G e n e r a l   A l g e b r a i c   M o d e l i n g   S y s t e m
Solution Report     SOLVE ExtremePt Using LP From line 144


               S O L V E      S U M M A R Y

     MODEL   ExtremePt           OBJECTIVE  TotalBen
     TYPE    LP                  DIRECTION  MAXIMIZE
     SOLVER  CPLEX               FROM LINE  144

**** SOLVER STATUS     1 Normal Completion
**** MODEL STATUS      1 Optimal
**** OBJECTIVE VALUE               56.0000

 RESOURCE USAGE, LIMIT          0.000 10000000000.000
 ITERATION COUNT, LIMIT         0    2147483647
*** This solver runs with a community license.
--- GMO setup time: 0.00s
--- GMO memory 0.50 Mb (peak 0.50 Mb)
--- Dictionary memory 0.00 Mb
--- Cplex 22.1.1.0 link memory 0.00 Mb (peak 0.00 Mb)
--- Starting Cplex


--- LP status (1): optimal.
--- Cplex Time: 0.00sec (det. 0.01 ticks)


Optimal solution found
Objective:           56.000000


---- EQU FBenefit  Benefits at location f ($) [Objective function]

           LOWER          LEVEL          UPPER         MARGINAL

hyd          .              .              .             EPS         
irr          .              .              .             1.0000      

                           LOWER          LEVEL          UPPER         MARGINAL

---- EQU TotBenefi~          .              .              .             1.0000      

  TotBenefits  Total benefits across all locations ($) [Single objective function]

---- EQU ResBalance  Reservoir mass balance in time t (volume)

          LOWER          LEVEL          UPPER         MARGINAL

s1       130.0000       130.0000       130.0000         0.3000      
s2        20.0000        20.0000        20.0000         0.7000      

---- EQU ResCapacity  Upper limit on reservoir storage (volume)

          LOWER          LEVEL          UPPER         MARGINAL

s1        -INF           60.0000        60.0000         0.4000      
s2        -INF           30.0000        60.0000          .          

                           LOWER          LEVEL          UPPER         MARGINAL

---- EQU EndStorage        30.0000        30.0000        +INF           -0.7000      

  EndStorage  Ending reservoir storage (volume)

---- EQU HydropowerCap  Hydropower capacity for each month (volume)

          LOWER          LEVEL          UPPER         MARGINAL

s1        -INF             .            45.0000          .          
s2        -INF             .            45.0000          .          

---- EQU IrrFlow  Irrigation flow from river (volume)

          LOWER          LEVEL          UPPER         MARGINAL

s1          .              .              .             0.3000      
s2          .              .              .             0.7000      

---- VAR X  Flow or storage in network at location l at time t (volume)

              LOWER          LEVEL          UPPER         MARGINAL

res.s1          .            60.0000        +INF             .          
res.s2          .            30.0000        +INF             .          
hyd.s1          .              .            +INF           -0.3000      
hyd.s2          .              .            +INF           -0.7000      
irr.s1          .            70.0000        +INF             .          
irr.s2          .            50.0000        +INF             .          
spi.s1          .            70.0000        +INF             .          
spi.s2          .            50.0000        +INF             .          

---- VAR FBen  Total benefits at location f ($)

           LOWER          LEVEL          UPPER         MARGINAL

hyd        -INF             .            +INF             .          
irr        -INF           56.0000        +INF             .          

                           LOWER          LEVEL          UPPER         MARGINAL

---- VAR TotalBen          -INF           56.0000        +INF             .          

  TotalBen  Total benefits across all locations ($)


**** REPORT SUMMARY :        0     NONOPT
                             0 INFEASIBLE
                             0  UNBOUNDED
GAMS 47.6.0  c2de9d6d Sep 12, 2024          WEX-WEI x86 64bit/MS Windows - 11/07/24 15:59:40 Page 14
G e n e r a l   A l g e b r a i c   M o d e l i n g   S y s t e m
E x e c u t i o n


----    146 VARIABLE TotalBen.L            =       56.000  Total benefits across all locations ($)

----    146 VARIABLE FBen.L  Total benefits at location f ($)

irr 56.000


----    146 VARIABLE X.L  Flow or storage in network at location l at time t (volume)

             s1          s2

res      60.000      30.000
irr      70.000      50.000
spi      70.000      50.000


----    153 PARAMETER FStore  Storing objective function values over different scenarios of f

            hyd         irr

hyd      45.000       9.000
irr                  56.000


----    153 PARAMETER XStore  Store decision variable values over different scenarios of f

                 s1          s2

hyd.res      55.000      30.000
hyd.hyd      45.000      45.000
hyd.irr      30.000
hyd.spi      30.000
irr.res      60.000      30.000
irr.irr      70.000      50.000
irr.spi      70.000      50.000



EXECUTION TIME       =        0.625 SECONDS      4 MB  47.6.0 c2de9d6d WEX-WEI


USER: CEE 6410 Water Resources Systems Analysis      G241025|0002AO-GEN
      Utah State University, Utah Water Research Laboratory     DCE3763
      License for teaching and research at degree granting institutions


**** FILE SUMMARY

Input      C:\Users\david\Box\_Rosenberg2024\Classes\CEE6410\Fall2024\CEE6410-Rosenberg-GitHub\CEE-6410-Rosenberg\Lectures\Ex19-5.gms
Output     C:\Users\david\Box\_Rosenberg2024\Classes\CEE6410\Fall2024\CEE6410-Rosenberg-GitHub\CEE-6410-Rosenberg\Lectures\Ex19-5.lst
