
--- Job Ex2-1Dual-Test.gms Start 09/15/25 11:56:28 47.6.0 c2de9d6d WEX-WEI x86 64bit/MS Windows
--- Applying:
    C:\GAMS\win64\47\gmsprmNT.txt
--- GAMS Parameters defined
    Input C:\Users\david\Box\_Rosenberg2024\Classes\CEE6410\Fall2024\CEE6410-Rosenberg-GitHub\CEE-6410-Rosenberg\Lectures\Ex2-1Dual-Test.gms
    PageSize 0
    ScrDir C:\Users\david\Box\_Rosenberg2024\Classes\CEE6410\Fall2024\CEE6410-Rosenberg-GitHub\CEE-6410-Rosenberg\Lectures\225a\
    SysDir C:\GAMS\win64\47\
    LogOption 3
    ErrMsg 1
    ErrorLog 99
    IDE 1
    LstTitleLeftAligned 1
Licensee: David Rosenberg, Single User License           G250908|0002AO-WIN
          Utah State University, Utah Water Research Laboratory     DC17246
          C:\Users\david\Documents\GAMS\gamslice.txt
          david.rosenberg@usu.edu                                          
          The maintenance period of the license will expire on Oct 03, 2026
Processor information: 1 socket(s), 4 core(s), and 8 thread(s) available
GAMS 47.6.0   Copyright (C) 1987-2024 GAMS Development. All rights reserved
--- Starting compilation
--- Ex2-1Dual-Test.gms(87) 3 Mb 2 Errors
*** Error  71 in C:\Users\david\Box\_Rosenberg2024\Classes\CEE6410\Fall2024\CEE6410-Rosenberg-GitHub\CEE-6410-Rosenberg\Lectures\Ex2-1Dual-Test.gms
    The symbol shown has been declared as an equation, but no
       Symbolic equation (..) was found. hint - look for commas in the
       Documentation text for the equations. use quotes around the
       Text or eliminate the commas.
*** Error 256 in C:\Users\david\Box\_Rosenberg2024\Classes\CEE6410\Fall2024\CEE6410-Rosenberg-GitHub\CEE-6410-Rosenberg\Lectures\Ex2-1Dual-Test.gms
    Error(s) in analyzing solve statement.
*** The following LP errors were detected in model PLANT_DUAL:
     71 RES_CONS_DUAL is an undefined equation
--- Ex2-1Dual-Test.gms(97) 3 Mb 2 Errors
*** Status: Compilation error(s)
--- Job Ex2-1Dual-Test.gms Stop 09/15/25 11:56:28 elapsed 0:00:00.056
