GAMS 24.2.3  r46072 Released May 22, 2014 WEX-WEI x86_64/MS Windows 09/24/20 23:30:13 Page 1
G e n e r a l   A l g e b r a i c   M o d e l i n g   S y s t e m
C o m p i l a t i o n


      CEE 6410
      Example 6 in the Lecture notes.
       
      Minimize cost to supply water by a new treatment plant or wholesale contra
      ct
      This is the relaxed version that treats the interger decision variables as
       standard, positive, continuous variables.
      With the additional $35,000 capital cost for establishing the wholesale co
      ntract.
       
      Allows user to control bounds on "integer" variables (IntUpBnd and IntLowB
      nd).
       
      Presently fully relaxed.
       
      David E Rosenberg
      david.rosenberg@usu.edu
      September 24, 2020
  17   
  18  * 1. DEFINE the SETS
  19  SETS src water supply sources /tp "treatment plant", wc "wholesale contrac
      t"/;
  20   
  21  * 2. DEFINE input data
  22  PARAMETERS
  23     CapCost(src) capital cost ($ to build)
  24           /tp 90000,
  25            wc 35000/
  26     OpCost(src) operating cost ($ per ac-ft)
  27           /tp 120
  28            wc 150/
  29     MaxCapacity(src) Maximum capacity of source when built (ac-ft per year)
  30            /tp 2000,
  31             wc  12000/
  32     MinUse(src) Minimum required use of source when built (ac-ft per year)
  33            /tp 0,
  34             wc  1000/
  35     TotDemand  Total Demand (ac-ft per year) /2000/
  36  * "Integer" variables free within 0 to 1 bounds.
  37  * Allows user to relax, tighten bounds on integer variables
  38  * Presently set in fully relaxed mode
  39     IntUpBnd(src) Upper bound on integer variables (#)
  40            /tp 1,
  41             wc 1/
  42     IntLowBnd(src) Lower bound on integer variables (#)
  43             /tp 0,
  44             wc 0/
  45   
  46  * 3. DEFINE the variables
  47  VARIABLES I(src) binary decision to build or do prject from source src (1=
      yes 0=no)
  48            X(src) volume of water provided by source src (ac-ft per year)
  49            TCOST  total capital and operating costs of supply actions ($);
  50   
  51  * Non-negativity constraints
  52  POSITIVE VARIABLES I,X;
  53  *Binary Variables I Relaxed problem
  54   
  55  * 4. COMBINE variables and data in equations
  56  EQUATIONS
  57     COST            Total Cost ($) and objective function value
  58     MaxCap(src)     Maximum capacity of source when built (ac-ft per year)
  59     MinReqUse(src)  Minimum required use of source when built (ac-ft per ye
      ar)
  60     MeetDemand      Meet demand (ac-ft per year)
  61     IntUpBound(src) Upper bound on interger variables (number)
  62     IntLowBound(src) Lower bound on integer variables (number);
  63   
  64  COST..                 TCOST =E= SUM(src,CapCost(src)*I(src) + OpCost(src)
      *X(src));
  65  MaxCap(src) ..           X(src) =L= MaxCapacity(src)*I(src);
  66  MinReqUse(src) ..        X(src) =G= MinUse(src)*I(src);
  67  MeetDemand ..            sum(src,X(src)) =G= TotDemand;
  68  IntUpBound(src) ..       I(src) =L= IntUpBnd(src);
  69  IntLowBound(src) ..      I(src) =G= IntLowBnd(src);
  70   
  71  * 5. DEFINE the MODEL from the EQUATIONS
  72  MODEL WatSupplyRelaxed /ALL/;
  73   
  74  * 6. Solve the Model as an LP (relaxed IP)
  75  SOLVE WatSupplyRelaxed USING LP MINIMIZING TCOST;
  76   
  77  DISPLAY X.L, I.L, TCOST.L;
  78   
  79  * Dump all input data and results to a GAMS gdx file
  80  Execute_Unload "Ex6-3-relaxed.gdx";
  81  * Dump the gdx file to an Excel workbook
  82  Execute "gdx2xls Ex6-3.relaxed.gdx"


COMPILATION TIME     =        0.000 SECONDS      3 MB  24.2.3 r46072 WEX-WEI
GAMS 24.2.3  r46072 Released May 22, 2014 WEX-WEI x86_64/MS Windows 09/24/20 23:30:13 Page 2
G e n e r a l   A l g e b r a i c   M o d e l i n g   S y s t e m
Equation Listing    SOLVE WatSupplyRelaxed Using LP From line 75


---- COST  =E=  Total Cost ($) and objective function value

COST..  - 90000*I(tp) - 35000*I(wc) - 120*X(tp) - 150*X(wc) + TCOST =E= 0 ;
     
      (LHS = 0)
     

---- MaxCap  =L=  Maximum capacity of source when built (ac-ft per year)

MaxCap(tp)..  - 2000*I(tp) + X(tp) =L= 0 ; (LHS = 0)
     
MaxCap(wc)..  - 12000*I(wc) + X(wc) =L= 0 ; (LHS = 0)
     

---- MinReqUse  =G=  Minimum required use of source when built (ac-ft per year)

MinReqUse(tp)..  X(tp) =G= 0 ; (LHS = 0)
     
MinReqUse(wc)..  - 1000*I(wc) + X(wc) =G= 0 ; (LHS = 0)
     

---- MeetDemand  =G=  Meet demand (ac-ft per year)

MeetDemand..  X(tp) + X(wc) =G= 2000 ; (LHS = 0, INFES = 2000 ****)
     

---- IntUpBound  =L=  Upper bound on interger variables (number)

IntUpBound(tp)..  I(tp) =L= 1 ; (LHS = 0)
     
IntUpBound(wc)..  I(wc) =L= 1 ; (LHS = 0)
     

---- IntLowBound  =G=  Lower bound on integer variables (number)

IntLowBound(tp)..  I(tp) =G= 0 ; (LHS = 0)
     
IntLowBound(wc)..  I(wc) =G= 0 ; (LHS = 0)
     
GAMS 24.2.3  r46072 Released May 22, 2014 WEX-WEI x86_64/MS Windows 09/24/20 23:30:13 Page 3
G e n e r a l   A l g e b r a i c   M o d e l i n g   S y s t e m
Column Listing      SOLVE WatSupplyRelaxed Using LP From line 75


---- I  binary decision to build or do prject from source src (1=yes 0=no)

I(tp)
                (.LO, .L, .UP, .M = 0, 0, +INF, 0)
   -90000       COST
    -2000       MaxCap(tp)
        1       IntUpBound(tp)
        1       IntLowBound(tp)

I(wc)
                (.LO, .L, .UP, .M = 0, 0, +INF, 0)
   -35000       COST
   -12000       MaxCap(wc)
    -1000       MinReqUse(wc)
        1       IntUpBound(wc)
        1       IntLowBound(wc)


---- X  volume of water provided by source src (ac-ft per year)

X(tp)
                (.LO, .L, .UP, .M = 0, 0, +INF, 0)
     -120       COST
        1       MaxCap(tp)
        1       MinReqUse(tp)
        1       MeetDemand

X(wc)
                (.LO, .L, .UP, .M = 0, 0, +INF, 0)
     -150       COST
        1       MaxCap(wc)
        1       MinReqUse(wc)
        1       MeetDemand


---- TCOST  total capital and operating costs of supply actions ($)

TCOST
                (.LO, .L, .UP, .M = -INF, 0, +INF, 0)
        1       COST

GAMS 24.2.3  r46072 Released May 22, 2014 WEX-WEI x86_64/MS Windows 09/24/20 23:30:13 Page 4
G e n e r a l   A l g e b r a i c   M o d e l i n g   S y s t e m
Model Statistics    SOLVE WatSupplyRelaxed Using LP From line 75


MODEL STATISTICS

BLOCKS OF EQUATIONS           6     SINGLE EQUATIONS           10
BLOCKS OF VARIABLES           3     SINGLE VARIABLES            5
NON ZERO ELEMENTS            18


GENERATION TIME      =        0.015 SECONDS      4 MB  24.2.3 r46072 WEX-WEI


EXECUTION TIME       =        0.015 SECONDS      4 MB  24.2.3 r46072 WEX-WEI
GAMS 24.2.3  r46072 Released May 22, 2014 WEX-WEI x86_64/MS Windows 09/24/20 23:30:13 Page 5
G e n e r a l   A l g e b r a i c   M o d e l i n g   S y s t e m
Solution Report     SOLVE WatSupplyRelaxed Using LP From line 75


               S O L V E      S U M M A R Y

     MODEL   WatSupplyRelaxed    OBJECTIVE  TCOST
     TYPE    LP                  DIRECTION  MINIMIZE
     SOLVER  CPLEX               FROM LINE  75

**** SOLVER STATUS     1 Normal Completion         
**** MODEL STATUS      1 Optimal                   
**** OBJECTIVE VALUE           305833.3333

 RESOURCE USAGE, LIMIT          0.000      1000.000
 ITERATION COUNT, LIMIT         0    2000000000

IBM ILOG CPLEX   24.2.3 r46072 Released May 22, 2014 WEI x86_64/MS Windows    
Cplex 12.6.0.0

Space for names approximately 0.00 Mb
Use option 'names no' to turn use of names off
LP status(1): optimal
Cplex Time: 0.00sec (det. 0.01 ticks)
Optimal solution found.
Objective :      305833.333333


                       LOWER     LEVEL     UPPER    MARGINAL

---- EQU COST            .         .         .        1.000      

  COST  Total Cost ($) and objective function value

---- EQU MaxCap  Maximum capacity of source when built (ac-ft per year)

      LOWER     LEVEL     UPPER    MARGINAL

tp     -INF       .         .      -45.000      
wc     -INF       .         .       -2.917      

---- EQU MinReqUse  Minimum required use of source when built (ac-ft per year)

      LOWER     LEVEL     UPPER    MARGINAL

tp      .         .        +INF       .         
wc      .     1833.333     +INF       .         

                       LOWER     LEVEL     UPPER    MARGINAL

---- EQU MeetDemand  2000.000  2000.000     +INF    152.917      

  MeetDemand  Meet demand (ac-ft per year)

---- EQU IntUpBound  Upper bound on interger variables (number)

      LOWER     LEVEL     UPPER    MARGINAL

tp     -INF       .        1.000      .         
wc     -INF      0.167     1.000      .         

---- EQU IntLowBound  Lower bound on integer variables (number)

      LOWER     LEVEL     UPPER    MARGINAL

tp      .         .        +INF       .         
wc      .        0.167     +INF       .         

---- VAR I  binary decision to build or do prject from source src (1=yes 0=no)

      LOWER     LEVEL     UPPER    MARGINAL

tp      .         .        +INF       .         
wc      .        0.167     +INF       .         

---- VAR X  volume of water provided by source src (ac-ft per year)

      LOWER     LEVEL     UPPER    MARGINAL

tp      .         .        +INF     12.083      
wc      .     2000.000     +INF       .         

                       LOWER     LEVEL     UPPER    MARGINAL

---- VAR TCOST          -INF  3.0583E+5     +INF       .         

  TCOST  total capital and operating costs of supply actions ($)


**** REPORT SUMMARY :        0     NONOPT
                             0 INFEASIBLE
                             0  UNBOUNDED
GAMS 24.2.3  r46072 Released May 22, 2014 WEX-WEI x86_64/MS Windows 09/24/20 23:30:13 Page 6
G e n e r a l   A l g e b r a i c   M o d e l i n g   S y s t e m
E x e c u t i o n


----     77 VARIABLE X.L  volume of water provided by source src (ac-ft per year
                          )

wc 2000.000


----     77 VARIABLE I.L  binary decision to build or do prject from source src 
                          (1=yes 0=no)

wc 0.167


----     77 VARIABLE TCOST.L               =   305833.333  total capital and ope
                                                           rating costs of suppl
                                                           y actions ($)


EXECUTION TIME       =        0.032 SECONDS      3 MB  24.2.3 r46072 WEX-WEI


USER: Utah Water Research Laboratory (5 user)        G140130:1517AV-GEN
      Utah State University                                      DC7087
      License for teaching and research at degree granting institutions


**** FILE SUMMARY

Input      C:\Rosenberg\Work\USU\Classes\CEE6410\Fall2020\CEE6410-Rosenberg-GitH
           ub\CEE-6410-Rosenberg\Lectures\Ex6-3-relaxed.gms
Output     C:\Rosenberg\Work\USU\Classes\CEE6410\Fall2020\CEE6410-Rosenberg-GitH
           ub\CEE-6410-Rosenberg\Lectures\Ex6-3-relaxed.lst
