--- Job Ex8-4-1.gms Start 10/23/25 15:54:38 47.6.0 c2de9d6d WEX-WEI x86 64bit/MS Windows
--- Applying:
    C:\GAMS\win64\47\gmsprmNT.txt
    C:\Users\david\Documents\GAMS\gamsconfig.yaml
--- GAMS Parameters defined
    LP CPLEX
    MIP CPLEX
    RMIP CPLEX
    NLP CONOPT
    MINLP BARON
    Input C:\Users\david\Box\_Rosenberg2024\Classes\CEE6410\Fall2024\CEE6410-Rosenberg-GitHub\CEE-6410-Rosenberg\Lectures\Ex8-4-1.gms
    PageSize 0
    ScrDir C:\Users\david\Box\_Rosenberg2024\Classes\CEE6410\Fall2024\CEE6410-Rosenberg-GitHub\CEE-6410-Rosenberg\Lectures\225a\
    SysDir C:\GAMS\win64\47\
    LogOption 3
    ErrMsg 1
    ErrorLog 99
    IDE 1
    LstTitleLeftAligned 1
Licensee: David Rosenberg, Single User License           G250908|0002AO-WIN
          Utah State University, Utah Water Research Laboratory     DC17246
          C:\Users\david\Documents\GAMS\gamslice.txt
          david.rosenberg@usu.edu                                          
          The maintenance period of the license will expire on Oct 03, 2026
Processor information: 1 socket(s), 4 core(s), and 8 thread(s) available
GAMS 47.6.0   Copyright (C) 1987-2024 GAMS Development. All rights reserved
--- Starting compilation
--- Ex8-4-1.gms(79) 3 Mb
--- Starting execution: elapsed 0:00:00.044
--- Ex8-4-1.gms(74) 4 Mb
--- Generating NLP model NonLinModel
--- Ex8-4-1.gms(77) 6 Mb
---   4 rows  3 columns  8 non-zeroes
---   21 nl-code  3 nl-non-zeroes
--- Range statistics (absolute non-zero finite values)
--- RHS       [min, max] : [ 5.000E+00, 2.600E+01] - Zero values observed as well
--- Bound     [min, max] : [ 3.000E+00, 3.000E+00] - Zero values observed as well
--- Matrix    [min, max] : [ 1.000E+00, 1.400E+01] - Zero values observed as well
--- Ex8-4-1.gms(77) 4 Mb
--- Executing CONOPT (Solvelink=2): elapsed 0:00:00.130

CONOPT 4         47.6.0 c2de9d6d Sep 12, 2024          WEI x86 64bit/MS Window

 
 
    C O N O P T   version 4.35
    Copyright (C) GAMS Software GmbH
                  GAMS Development Corporation
 
 
    The user model has 4 constraints and 3 variables
    with 8 Jacobian elements, 3 of which are nonlinear.
    The Hessian of the Lagrangian has 2 elements on the diagonal,
    0 elements below the diagonal, and 2 nonlinear variables.
 
    Iter Phase   Ninf   Infeasibility   RGmax      NSB   Step  InItr MX OK
       0   0          0.0000000000E+00 (Input point)
 
    The pre-triangular part of the model has 2 constraints and 0 variables.
    The post-triangular part of the model has 1 constraints and variables.
 
    Preprocessed model has 1 constraints and 2 variables
    with 1 Jacobian elements, 1 of which are nonlinear.
 
    Iter Phase   Ninf   Infeasibility   RGmax      NSB   Step  InItr MX OK
                      0.0000000000E+00 (Full preprocessed model)
                      0.0000000000E+00 (After scaling)
 
 ** Feasible solution. Value of objective =    0.00000000000
 
    Iter Phase   Ninf     Objective     RGmax      NSB   Step  InItr MX OK
       1   3          1.0214073798E+01 1.4E+01       2 6.4E-01     1 F  T
       6   4          1.2469981496E+01 8.8E-11       2
 
 ** Optimal solution. Reduced gradient less than tolerance.
 
--- Reading solution for model NonLinModel
--- Executing after solve: elapsed 0:00:00.499
--- Ex8-4-1.gms(79) 4 Mb
*** Status: Normal completion
--- Job Ex8-4-1.gms Stop 10/23/25 15:54:39 elapsed 0:00:00.510
