GAMS 47.6.0  c2de9d6d Sep 12, 2024          WEX-WEI x86 64bit/MS Windows - 09/23/25 15:11:57 Page 1
G e n e r a l   A l g e b r a i c   M o d e l i n g   S y s t e m
C o m p i l a t i o n


      CEE 6410 - Water Resources Systems Analysis
      Example 2.1 from Bishop Et Al Text (https://digitalcommons.usu.edu/ecstatic_all/76/)
      Modifies Example to add a labor constraint
       
      and further modified to represent the vehicle production problem with metal, curcuit boards, and labor consraints
       
      THE PROBLEM:
       
      How many coups and minivans should a car manufacturer produce in a year?
       
      The data are as follows:
       
      •   The car manufacturer profits by $6,000 per coup produced and $7,000 per minivan produced.
      •   Each coup requires 1,000 pounds of metal to produce while each minivan requires 2,000 pounds of metal.
      •   The manufacturer has 4,000,000 pounds of metal available for the year.
      •   Coups have more electronics and features. Thus, each coup requires 4 circuit boards per vehicle while each minivan requires 3 circuit boards per vehicle.
      •   The manufacturer has purchased 12,000 circuit boards for the year.
      •   One coup takes one worker 5 days to produce while one worker takes 2.5 days to produce a minivan. 
      •   The manufacturer has 67 workers and runs their factory for 261 days per year (i.e., the manufacturer has 17,500 worker-days per year).   
       
      Determine the number of coups and minivans to produce
       
      THE SOLUTION:
      Uses General Algebraic Modeling System to Solve this Linear Program
       
      David E Rosenberg
      david.rosenberg@usu.edu
      September 15, 2015
  31   
  32  * 1. DEFINE the SETS
  33  SETS plnt crops growing /Eggplant, Tomatoes/
  34           res resources /Water, Land, Labor/
  35  * for car production problem
  36          cars Cars to produce  / Coups, Minivans  /
  37          materials Materials used to produce vehicles /Metal, CircuitBoards, Labor/;
  38   
  39  * 2. DEFINE input data
  40  PARAMETERS
  41     c(plnt) Objective function coefficients ($ per plant)
  42           /Eggplant 6,
  43          Tomatoes 7 /
  44   
  45     b(res) Right hand constraint values (per resource)
  46            /Water 4000000,
  47             Land  12000,
  48             Labor  17500/
  49   
  50      carprofit(cars) Profit per car produced ($ per car)
  51          / coups 6
  52          minivans 7/
  53   
  54      carconstraints(materials) Righthand constraint values for car production (per resource)
  55          /Metal 4000000,
  56          CircuitBoards 12000,
  57          Labor 17500/;
  58   
  59  TABLE A(plnt,res) Left hand side constraint coefficients
  60                   Water    Land   Labor
  61   Eggplant        1000      4       5
  62   Tomatoes        2000      3       2.5;
  63   
  64  TABLE Z(cars,materials) Left hand side constraint coefficients for the car problem
  65                        Metal        CircuitBoards         Labor
  66  *Coups         1000               4                   5
  67  * Minivans       2000               3                 2.5;
  68   Coups               1000                     4             5
  69   Minivans          2000                     3              2.5;
  70   
  71   
  72   
  73  * 3. DEFINE the variables
  74  VARIABLES X(plnt) plants planted (Number)
  75            VPROFIT  total profit ($);
  76   
  77  VARIABLES
  78            W(cars) cars to produce (Number)
  79          CPROFIT total profit from producing cars ($);
  80   
  81  * Non-negativity constraints
  82  POSITIVE VARIABLES X, W;
  83   
  84  * 4. COMBINE variables and data in equations
  85  EQUATIONS
  86     PROFIT Total profit ($) and objective function value
  87     RES_CONSTRAIN(res) Resource Constraints
  88     PROFITCARS Total profit from producing cars ($) the objective function value
  89     MATERIALCONSTRAINTS(materials) Resources used to produce cars;
  90   
  91  PROFIT..                 VPROFIT =E= SUM(plnt, c(plnt)*X(plnt));
  92  RES_CONSTRAIN(res) ..    SUM(plnt, A(plnt,res)*X(plnt)) =L= b(res);
  93   
  94  PROFITCARS..        CPROFIT =E=  SUM(cars, carprofit(cars)*W(cars));
  95  MATERIALCONSTRAINTS(materials).. SUM(cars, Z(cars,materials)*W(cars)) =L= carconstraints(materials);
  96   
  97  * 5. DEFINE the MODEL from the EQUATIONS
  98  MODEL PLANTING /PROFIT, RES_CONSTRAIN/;
  99  *Altnerative way to write (include all previously defined equations)
 100  *MODEL PLANTING /ALL/;
 101  MODEL CARPRODUCTION / PROFITCARS, MATERIALCONSTRAINTS/;
 102   
 103   
 104   
 105  * 6. SOLVE the MODEL
 106  * Solve the PLANTING model using a Linear Programming Solver (see File=>Options=>Solvers)
 107  *     to maximize VPROFIT
 108  *SOLVE PLANTING USING LP MAXIMIZING VPROFIT;
 109   
 110  SOLVE CARPRODUCTION USING LP MAXIMIZING CPROFIT;
 111   
 112  * 6. CLick File menu => RUN (F9) or Solve icon and examine solution report in .LST file


COMPILATION TIME     =        0.000 SECONDS      3 MB  47.6.0 c2de9d6d WEX-WEI
GAMS 47.6.0  c2de9d6d Sep 12, 2024          WEX-WEI x86 64bit/MS Windows - 09/23/25 15:11:57 Page 2
G e n e r a l   A l g e b r a i c   M o d e l i n g   S y s t e m
Equation Listing    SOLVE CARPRODUCTION Using LP From line 110


---- PROFITCARS  =E=  Total profit from producing cars ($) the objective function value

PROFITCARS..  - 6*W(Coups) - 7*W(Minivans) + CPROFIT =E= 0 ; (LHS = 0)
     

---- MATERIALCONSTRAINTS  =L=  Resources used to produce cars

MATERIALCONSTRAINTS(Labor)..  5*W(Coups) + 2.5*W(Minivans) =L= 17500 ; (LHS = 0)
     
MATERIALCONSTRAINTS(Metal)..  1000*W(Coups) + 2000*W(Minivans) =L= 4000000 ; (LHS = 0)
     
MATERIALCONSTRAINTS(CircuitBoards)..  4*W(Coups) + 3*W(Minivans) =L= 12000 ; (LHS = 0)
     
GAMS 47.6.0  c2de9d6d Sep 12, 2024          WEX-WEI x86 64bit/MS Windows - 09/23/25 15:11:57 Page 3
G e n e r a l   A l g e b r a i c   M o d e l i n g   S y s t e m
Column Listing      SOLVE CARPRODUCTION Using LP From line 110


---- W  cars to produce (Number)

W(Coups)
                (.LO, .L, .UP, .M = 0, 0, +INF, 0)
       -6       PROFITCARS
        5       MATERIALCONSTRAINTS(Labor)
     1000       MATERIALCONSTRAINTS(Metal)
        4       MATERIALCONSTRAINTS(CircuitBoards)

W(Minivans)
                (.LO, .L, .UP, .M = 0, 0, +INF, 0)
       -7       PROFITCARS
        2.5     MATERIALCONSTRAINTS(Labor)
     2000       MATERIALCONSTRAINTS(Metal)
        3       MATERIALCONSTRAINTS(CircuitBoards)


---- CPROFIT  total profit from producing cars ($)

CPROFIT
                (.LO, .L, .UP, .M = -INF, 0, +INF, 0)
        1       PROFITCARS

GAMS 47.6.0  c2de9d6d Sep 12, 2024          WEX-WEI x86 64bit/MS Windows - 09/23/25 15:11:57 Page 4
G e n e r a l   A l g e b r a i c   M o d e l i n g   S y s t e m
Range Statistics    SOLVE CARPRODUCTION Using LP From line 110


RANGE STATISTICS (ABSOLUTE NON-ZERO FINITE VALUES)

RHS       [min, max] : [ 1.200E+04, 4.000E+06] - Zero values observed as well
Bound     [min, max] : [        NA,        NA] - Zero values observed as well
Matrix    [min, max] : [ 1.000E+00, 2.000E+03]

GAMS 47.6.0  c2de9d6d Sep 12, 2024          WEX-WEI x86 64bit/MS Windows - 09/23/25 15:11:57 Page 5
G e n e r a l   A l g e b r a i c   M o d e l i n g   S y s t e m
Model Statistics    SOLVE CARPRODUCTION Using LP From line 110


MODEL STATISTICS

BLOCKS OF EQUATIONS           2     SINGLE EQUATIONS            4
BLOCKS OF VARIABLES           2     SINGLE VARIABLES            3
NON ZERO ELEMENTS             9


GENERATION TIME      =        0.203 SECONDS      4 MB  47.6.0 c2de9d6d WEX-WEI
GAMS 47.6.0  c2de9d6d Sep 12, 2024          WEX-WEI x86 64bit/MS Windows - 09/23/25 15:11:57 Page 6
G e n e r a l   A l g e b r a i c   M o d e l i n g   S y s t e m
Solution Report     SOLVE CARPRODUCTION Using LP From line 110


               S O L V E      S U M M A R Y

     MODEL   CARPRODUCTION       OBJECTIVE  CPROFIT
     TYPE    LP                  DIRECTION  MAXIMIZE
     SOLVER  CPLEX               FROM LINE  110

**** SOLVER STATUS     1 Normal Completion
**** MODEL STATUS      1 Optimal
**** OBJECTIVE VALUE            20000.0000

 RESOURCE USAGE, LIMIT          0.000 10000000000.000
 ITERATION COUNT, LIMIT         3    2147483647
*** This solver runs with a community license.
--- GMO setup time: 0.00s
--- GMO memory 0.50 Mb (peak 0.50 Mb)
--- Dictionary memory 0.00 Mb
--- Cplex 22.1.1.0 link memory 0.00 Mb (peak 0.00 Mb)
--- Starting Cplex


--- LP status (1): optimal.
--- Cplex Time: 0.00sec (det. 0.01 ticks)


Optimal solution found
Objective:        20000.000000


                           LOWER          LEVEL          UPPER         MARGINAL

---- EQU PROFITCARS          .              .              .             1.0000      

  PROFITCARS  Total profit from producing cars ($) the objective function value

---- EQU MATERIALCONSTRAINTS  Resources used to produce cars

                     LOWER          LEVEL          UPPER         MARGINAL

Labor                -INF        14000.0000     17500.0000          .          
Metal                -INF      4000000.0000   4000000.0000         0.0020      
CircuitBoards        -INF        12000.0000     12000.0000         1.0000      

---- VAR W  cars to produce (Number)

                LOWER          LEVEL          UPPER         MARGINAL

Coups             .          2400.0000        +INF             .          
Minivans          .           800.0000        +INF             .          

                           LOWER          LEVEL          UPPER         MARGINAL

---- VAR CPROFIT           -INF        20000.0000        +INF             .          

  CPROFIT  total profit from producing cars ($)


**** REPORT SUMMARY :        0     NONOPT
                             0 INFEASIBLE
                             0  UNBOUNDED


EXECUTION TIME       =        0.437 SECONDS      4 MB  47.6.0 c2de9d6d WEX-WEI


USER: David Rosenberg, Single User License           G250908|0002AO-WIN
      Utah State University, Utah Water Research Laboratory     DC17246
      License for teaching and research at degree granting institutions


**** FILE SUMMARY

Input      C:\Users\david\Box\_Rosenberg2024\Classes\CEE6410\Fall2024\CEE6410-Rosenberg-GitHub\CEE-6410-Rosenberg\Lectures\ExCarManufacture.gms
Output     C:\Users\david\Box\_Rosenberg2024\Classes\CEE6410\Fall2024\CEE6410-Rosenberg-GitHub\CEE-6410-Rosenberg\Lectures\ExCarManufacture.lst
