GAMS 24.2.3  r46072 Released May 22, 2014 WEX-WEI x86_64/MS Windows 09/26/20 18:17:24 Page 1
G e n e r a l   A l g e b r a i c   M o d e l i n g   S y s t e m
C o m p i l a t i o n


      CEE 6410 - Water Resources Systems Analysis
      HW03: from Bishop Et Al Text (https://digitalcommons.usu.edu/ecstatic_all/
      76/)
      Author: Greg Goodrum
      Date: 09-21-2020
       
      THE PROBLEM:
       
      An aqueduct constructed to supply water to industrial users has an excess 
      capacity in the
      months of June, July, and August of 14,000 acft, 18,000 acft, and 6,000 ac
      ft, respectively.
      It is proposed to develop not more than 10,000 acres of new land by utiliz
      ing the excess
      aqueduct capacity for irrigation water deliveries. Two crops, hay and grai
      n, are to be
      grown. Their monthly water requirements and expected net returns are as fo
      llows:
       
                 June          July            August          Return $/Acre
      Hay          2            1                1                 100
      Grain        1            2                0                 120
       
      Decision Variables
      Xh = hay acreage; Xg = grain acreage
       
      Objective function:
      Maximize: Zprofit = 100Xh + 120Xg
       
      s.t.:
      June constraint: 2Xh + Xg <= 14000
      July constraint: Xh + 2Xg <= 18000
      August constraint: Xh <= 6000
      Acreage constraint: Xh + Xg <= 10000
       
      Determine the optimal acreage of hay and grain production.
       
      THE SOLUTION:
      Uses General Algebraic Modeling System to Solve this Linear Program
  36   
  37  * 1. DEFINE the SETS
  38  SETS plnt crops /Hay, Grain/
  39       cons production constraints /June, July, August, Acreage/;
  40   
  41   
  42  * 2. DEFINE input data
  43  PARAMETERS
  44    c(plnt) Objective function coefficients ($ per plant)
  45           /Hay 100,
  46           Grain 120/
  47    b(cons) Right hand constraint values (per constraint)
  48           /June 14000,
  49           July 18000,
  50           August 6000,
  51           Acreage 10000/;
  52   
  53  TABLE A(plnt,cons) Left hand side constraint coefficients
  54                   June    July    August  Acreage
  55  Hay              2       1       1       1
  56  Grain            1       2       0       1;
  57   
  58   
  59  * 3. DEFINE variables
  60  VARIABLES X(plnt) acres planted (acres)
  61            VPROFIT total profit ($);
  62   
  63   
  64  * Non-negativity constraints
  65  POSITIVE VARIABLES X;
  66   
  67   
  68  * 4. COMBINE variables and data in equations
  69  EQUATIONS
  70    PROFIT Total profit ($) and objective function value
  71    CONSTRAIN(cons) Constraints;
  72   
  73  PROFIT..                 VPROFIT =E= SUM(plnt,c(plnt)*X(plnt));
  74  CONSTRAIN(cons)..        SUM(plnt,A(plnt,cons)*X(plnt)) =L= b(cons)
  75   
  76   
  77  * 5. DEFINE the MODEL from the EQUATIONS
  78  MODEL PLANTING /PROFIT, CONSTRAIN/;
  79  *Altnerative way to write (include all previously defined equations)
  80  *MODEL PLANTING /ALL/;
  81   
  82   
  83  * 6. SOLVE the MODEL
  84  * Solve the PLANTING model using a Linear Programming Solver (see File=>Op
      tions=>Solvers)
  85  *     to maximize VPROFIT
  86  SOLVE PLANTING USING LP MAXIMIZING VPROFIT;
  87   
  88  * 6. CLick File menu => RUN (F9) or Solve icon and examine solution report
       in .LST file
  89   
  90   


COMPILATION TIME     =        0.000 SECONDS      3 MB  24.2.3 r46072 WEX-WEI
GAMS 24.2.3  r46072 Released May 22, 2014 WEX-WEI x86_64/MS Windows 09/26/20 18:17:24 Page 2
G e n e r a l   A l g e b r a i c   M o d e l i n g   S y s t e m
Equation Listing    SOLVE PLANTING Using LP From line 86


---- PROFIT  =E=  Total profit ($) and objective function value

PROFIT..  - 100*X(Hay) - 120*X(Grain) + VPROFIT =E= 0 ; (LHS = 0)
     

---- CONSTRAIN  =L=  Constraints

CONSTRAIN(June)..  2*X(Hay) + X(Grain) =L= 14000 ; (LHS = 0)
     
CONSTRAIN(July)..  X(Hay) + 2*X(Grain) =L= 18000 ; (LHS = 0)
     
CONSTRAIN(August)..  X(Hay) =L= 6000 ; (LHS = 0)
     
REMAINING ENTRY SKIPPED

GAMS 24.2.3  r46072 Released May 22, 2014 WEX-WEI x86_64/MS Windows 09/26/20 18:17:24 Page 3
G e n e r a l   A l g e b r a i c   M o d e l i n g   S y s t e m
Column Listing      SOLVE PLANTING Using LP From line 86


---- X  acres planted (acres)

X(Hay)
                (.LO, .L, .UP, .M = 0, 0, +INF, 0)
     -100       PROFIT
        2       CONSTRAIN(June)
        1       CONSTRAIN(July)
        1       CONSTRAIN(August)
        1       CONSTRAIN(Acreage)

X(Grain)
                (.LO, .L, .UP, .M = 0, 0, +INF, 0)
     -120       PROFIT
        1       CONSTRAIN(June)
        2       CONSTRAIN(July)
        1       CONSTRAIN(Acreage)


---- VPROFIT  total profit ($)

VPROFIT
                (.LO, .L, .UP, .M = -INF, 0, +INF, 0)
        1       PROFIT

GAMS 24.2.3  r46072 Released May 22, 2014 WEX-WEI x86_64/MS Windows 09/26/20 18:17:24 Page 4
G e n e r a l   A l g e b r a i c   M o d e l i n g   S y s t e m
Model Statistics    SOLVE PLANTING Using LP From line 86


MODEL STATISTICS

BLOCKS OF EQUATIONS           2     SINGLE EQUATIONS            5
BLOCKS OF VARIABLES           2     SINGLE VARIABLES            3
NON ZERO ELEMENTS            10


GENERATION TIME      =        0.015 SECONDS      4 MB  24.2.3 r46072 WEX-WEI


EXECUTION TIME       =        0.015 SECONDS      4 MB  24.2.3 r46072 WEX-WEI
GAMS 24.2.3  r46072 Released May 22, 2014 WEX-WEI x86_64/MS Windows 09/26/20 18:17:24 Page 5
G e n e r a l   A l g e b r a i c   M o d e l i n g   S y s t e m
Solution Report     SOLVE PLANTING Using LP From line 86


               S O L V E      S U M M A R Y

     MODEL   PLANTING            OBJECTIVE  VPROFIT
     TYPE    LP                  DIRECTION  MAXIMIZE
     SOLVER  CPLEX               FROM LINE  86

**** SOLVER STATUS     1 Normal Completion         
**** MODEL STATUS      1 Optimal                   
**** OBJECTIVE VALUE          1160000.0000

 RESOURCE USAGE, LIMIT          0.016      1000.000
 ITERATION COUNT, LIMIT         3    2000000000

IBM ILOG CPLEX   24.2.3 r46072 Released May 22, 2014 WEI x86_64/MS Windows    
Cplex 12.6.0.0

Space for names approximately 0.00 Mb
Use option 'names no' to turn use of names off
LP status(1): optimal
Cplex Time: 0.00sec (det. 0.01 ticks)
Optimal solution found.
Objective :     1160000.000000


                       LOWER     LEVEL     UPPER    MARGINAL

---- EQU PROFIT          .         .         .        1.000      

  PROFIT  Total profit ($) and objective function value

---- EQU CONSTRAIN  Constraints

           LOWER     LEVEL     UPPER    MARGINAL

June        -INF  12000.000 14000.000      .         
July        -INF  18000.000 18000.000    20.000      
August      -INF   2000.000  6000.000      .         
Acreage     -INF  10000.000 10000.000    80.000      

---- VAR X  acres planted (acres)

         LOWER     LEVEL     UPPER    MARGINAL

Hay        .     2000.000     +INF       .         
Grain      .     8000.000     +INF       .         

                       LOWER     LEVEL     UPPER    MARGINAL

---- VAR VPROFIT        -INF  1.1600E+6     +INF       .         

  VPROFIT  total profit ($)


**** REPORT SUMMARY :        0     NONOPT
                             0 INFEASIBLE
                             0  UNBOUNDED


EXECUTION TIME       =        0.000 SECONDS      2 MB  24.2.3 r46072 WEX-WEI


USER: Utah Water Research Laboratory (5 user)        G140130:1517AV-GEN
      Utah State University                                      DC7087
      License for teaching and research at degree granting institutions


**** FILE SUMMARY

Input      C:\Users\david\AppData\Local\Temp\Temp1_CEE_6410_Goodrum-master.zip\C
           EE_6410_Goodrum-master\Assignments\HW_03\HW03_GAMS_Goodrum.gms
Output     C:\Rosenberg\Work\USU\Classes\CEE6410\Fall2020\CEE6410-Rosenberg-GitH
           ub\CEE-6410-Rosenberg\Lectures\HW03_GAMS_Goodrum.lst
